<?xml version="1.0" encoding="utf-8"?>
<TestRun id="65bf3c41-b2ad-4fa5-b4c5-8eebe7bb7b20" name="@pkrvmjbmru5nbw0 2025-07-31 15:57:51" xmlns="http://microsoft.com/schemas/VisualStudio/TeamTest/2010">
  <Times creation="2025-07-31T15:57:51.7069562+00:00" queuing="2025-07-31T15:57:51.7069562+00:00" start="2025-07-31T15:57:50.3146137+00:00" finish="2025-07-31T15:57:51.7720054+00:00" />
  <TestSettings name="default" id="e39640e7-3d28-4da6-bbb0-151cd3b59613">
    <Deployment runDeploymentRoot="_pkrvmjbmru5nbw0_2025-07-31_15_57_51" />
  </TestSettings>
  <Results>
    <UnitTestResult executionId="8f927e8e-7de0-48e1-a4f5-47b0d602e84a" testId="1dcd7a0b-e2f4-6796-ae32-cd50d280f820" testName="ThirdRun.Tests.UnitTests.Unit_Properties_CanBeSetAndRetrieved" computerName="pkrvmjbmru5nbw0" duration="00:00:00.0077240" startTime="2025-07-31T15:57:51.6576902+00:00" endTime="2025-07-31T15:57:51.6576903+00:00" testType="13cdc9d9-ddb5-4fa4-a97d-d965ccfc6d4b" outcome="Passed" testListId="8c84fa94-04c1-424b-9868-57a2d4851a1d" relativeResultsDirectory="8f927e8e-7de0-48e1-a4f5-47b0d602e84a" />
    <UnitTestResult executionId="82b89b07-ca39-4309-8091-d3e100193303" testId="55060452-dc51-56b4-f184-01ea398f472e" testName="ThirdRun.Tests.WorldMapTests.CharacterTransition_ShouldMaintainCharacterProperties" computerName="pkrvmjbmru5nbw0" duration="00:00:00.0004536" startTime="2025-07-31T15:57:51.6649294+00:00" endTime="2025-07-31T15:57:51.6649295+00:00" testType="13cdc9d9-ddb5-4fa4-a97d-d965ccfc6d4b" outcome="Passed" testListId="8c84fa94-04c1-424b-9868-57a2d4851a1d" relativeResultsDirectory="82b89b07-ca39-4309-8091-d3e100193303" />
    <UnitTestResult executionId="3c819f02-ba62-425a-972c-71d9cf4459ab" testId="f6b852d1-bf78-1daa-44f3-bcde2bd4d6a5" testName="ThirdRun.Tests.CharacterClassTests.CharacterClass_AllValuesAreValid(characterClass: Guerrier)" computerName="pkrvmjbmru5nbw0" duration="00:00:00.0000036" startTime="2025-07-31T15:57:51.6628336+00:00" endTime="2025-07-31T15:57:51.6628337+00:00" testType="13cdc9d9-ddb5-4fa4-a97d-d965ccfc6d4b" outcome="Passed" testListId="8c84fa94-04c1-424b-9868-57a2d4851a1d" relativeResultsDirectory="3c819f02-ba62-425a-972c-71d9cf4459ab" />
    <UnitTestResult executionId="a6f6ea76-ae2e-48b3-92ae-6967b51af1e2" testId="a69314ff-bb51-f71f-970a-9fcd6322a526" testName="ThirdRun.Tests.CharacterClassTests.CharacterClass_HasExpectedValues" computerName="pkrvmjbmru5nbw0" duration="00:00:00.0002128" startTime="2025-07-31T15:57:51.6634666+00:00" endTime="2025-07-31T15:57:51.6634667+00:00" testType="13cdc9d9-ddb5-4fa4-a97d-d965ccfc6d4b" outcome="Passed" testListId="8c84fa94-04c1-424b-9868-57a2d4851a1d" relativeResultsDirectory="a6f6ea76-ae2e-48b3-92ae-6967b51af1e2" />
    <UnitTestResult executionId="a5a36436-8f27-449d-9adb-b2c6267e7136" testId="ae89fa10-ace8-abbb-66ec-4f344f43dfa4" testName="ThirdRun.Tests.RandomItemGeneratorTests.GenerateRandomItem_ItemLevelShouldBeBasedOnMonsterLevel(monsterLevel: 10)" computerName="pkrvmjbmru5nbw0" duration="00:00:00.0002774" startTime="2025-07-31T15:57:51.6615383+00:00" endTime="2025-07-31T15:57:51.6615383+00:00" testType="13cdc9d9-ddb5-4fa4-a97d-d965ccfc6d4b" outcome="Passed" testListId="8c84fa94-04c1-424b-9868-57a2d4851a1d" relativeResultsDirectory="a5a36436-8f27-449d-9adb-b2c6267e7136" />
    <UnitTestResult executionId="6e0d9a64-c90b-41dc-a88e-632672603cef" testId="dd2af6ab-4599-d328-cefa-f79dcaa528f1" testName="ThirdRun.Tests.RandomItemGeneratorTests.GenerateRandomItem_PotionShouldHaveCorrectProperties" computerName="pkrvmjbmru5nbw0" duration="00:00:00.0007715" startTime="2025-07-31T15:57:51.6626406+00:00" endTime="2025-07-31T15:57:51.6626406+00:00" testType="13cdc9d9-ddb5-4fa4-a97d-d965ccfc6d4b" outcome="Passed" testListId="8c84fa94-04c1-424b-9868-57a2d4851a1d" relativeResultsDirectory="6e0d9a64-c90b-41dc-a88e-632672603cef" />
    <UnitTestResult executionId="76154268-ac9f-4b29-914f-165719ae5fb8" testId="eecc411e-f790-a778-fa36-8004b8ff8c6f" testName="ThirdRun.Tests.CharacterClassTests.CharacterClass_AllValuesAreValid(characterClass: Prêtre)" computerName="pkrvmjbmru5nbw0" duration="00:00:00.0005695" startTime="2025-07-31T15:57:51.6617641+00:00" endTime="2025-07-31T15:57:51.6617641+00:00" testType="13cdc9d9-ddb5-4fa4-a97d-d965ccfc6d4b" outcome="Passed" testListId="8c84fa94-04c1-424b-9868-57a2d4851a1d" relativeResultsDirectory="76154268-ac9f-4b29-914f-165719ae5fb8" />
    <UnitTestResult executionId="d6e79b7b-da0d-465a-8fa9-63e7ae0c50fc" testId="90023458-fe39-97ed-7830-1720186ebe01" testName="ThirdRun.Tests.ItemTests.Armor_Constructor_SetsAllProperties" computerName="pkrvmjbmru5nbw0" duration="00:00:00.0003401" startTime="2025-07-31T15:57:51.6568908+00:00" endTime="2025-07-31T15:57:51.6568910+00:00" testType="13cdc9d9-ddb5-4fa4-a97d-d965ccfc6d4b" outcome="Passed" testListId="8c84fa94-04c1-424b-9868-57a2d4851a1d" relativeResultsDirectory="d6e79b7b-da0d-465a-8fa9-63e7ae0c50fc" />
    <UnitTestResult executionId="6a6a3e9b-71bb-404b-a6b6-b124c9eeb9b7" testId="f1d98fb8-3ddf-c3b0-1e2e-d7af5b68c705" testName="ThirdRun.Tests.RandomItemGeneratorTests.GenerateRandomItem_WeaponShouldHaveCorrectProperties" computerName="pkrvmjbmru5nbw0" duration="00:00:00.0006957" startTime="2025-07-31T15:57:51.6625721+00:00" endTime="2025-07-31T15:57:51.6625722+00:00" testType="13cdc9d9-ddb5-4fa4-a97d-d965ccfc6d4b" outcome="Passed" testListId="8c84fa94-04c1-424b-9868-57a2d4851a1d" relativeResultsDirectory="6a6a3e9b-71bb-404b-a6b6-b124c9eeb9b7" />
    <UnitTestResult executionId="748f0fc0-0dd7-4658-8c6a-eeb49e3c78a8" testId="efde23cf-59ee-3c19-a95d-8c6aece0b316" testName="ThirdRun.Tests.MonsterLootTests.MonsterType_Constructor_WithoutLevel_ShouldDefaultToOne" computerName="pkrvmjbmru5nbw0" duration="00:00:00.0065392" startTime="2025-07-31T15:57:51.6043900+00:00" endTime="2025-07-31T15:57:51.6043900+00:00" testType="13cdc9d9-ddb5-4fa4-a97d-d965ccfc6d4b" outcome="Passed" testListId="8c84fa94-04c1-424b-9868-57a2d4851a1d" relativeResultsDirectory="748f0fc0-0dd7-4658-8c6a-eeb49e3c78a8" />
    <UnitTestResult executionId="1cadbe96-812a-48b9-8ab4-ea27c330c56f" testId="43b95e5d-9dd4-a7af-7382-d675d61cf4e8" testName="ThirdRun.Tests.RandomItemGeneratorTests.GenerateRandomItem_ArmorShouldHaveCorrectProperties" computerName="pkrvmjbmru5nbw0" duration="00:00:00.0007159" startTime="2025-07-31T15:57:51.6624787+00:00" endTime="2025-07-31T15:57:51.6624787+00:00" testType="13cdc9d9-ddb5-4fa4-a97d-d965ccfc6d4b" outcome="Passed" testListId="8c84fa94-04c1-424b-9868-57a2d4851a1d" relativeResultsDirectory="1cadbe96-812a-48b9-8ab4-ea27c330c56f" />
    <UnitTestResult executionId="543d5f60-28bc-4c45-bbd2-0f89b65ac40b" testId="e7366b54-9a1b-a8b9-da10-acd22631d1cb" testName="ThirdRun.Tests.RandomItemGeneratorTests.GenerateRandomItem_ItemLevelShouldBeBasedOnMonsterLevel(monsterLevel: 1)" computerName="pkrvmjbmru5nbw0" duration="00:00:00.0002344" startTime="2025-07-31T15:57:51.6614873+00:00" endTime="2025-07-31T15:57:51.6614873+00:00" testType="13cdc9d9-ddb5-4fa4-a97d-d965ccfc6d4b" outcome="Passed" testListId="8c84fa94-04c1-424b-9868-57a2d4851a1d" relativeResultsDirectory="543d5f60-28bc-4c45-bbd2-0f89b65ac40b" />
    <UnitTestResult executionId="13b4d39e-2339-4865-bad3-1da6078e13b9" testId="1742af7b-28ae-73a3-9c23-52f1e0928857" testName="ThirdRun.Tests.EquipmentTests.Equipment_InheritsFromItem" computerName="pkrvmjbmru5nbw0" duration="00:00:00.0014996" startTime="2025-07-31T15:57:51.6636333+00:00" endTime="2025-07-31T15:57:51.6636334+00:00" testType="13cdc9d9-ddb5-4fa4-a97d-d965ccfc6d4b" outcome="Passed" testListId="8c84fa94-04c1-424b-9868-57a2d4851a1d" relativeResultsDirectory="13b4d39e-2339-4865-bad3-1da6078e13b9" />
    <UnitTestResult executionId="3030ed34-4feb-4d0c-9c8b-9f8f8cd6e22c" testId="ebcf2d98-4994-36f5-1a02-823738347197" testName="ThirdRun.Tests.CharacterClassTests.CharacterClass_AllValuesAreValid(characterClass: Mage)" computerName="pkrvmjbmru5nbw0" duration="00:00:00.0055173" startTime="2025-07-31T15:57:51.6627082+00:00" endTime="2025-07-31T15:57:51.6627083+00:00" testType="13cdc9d9-ddb5-4fa4-a97d-d965ccfc6d4b" outcome="Passed" testListId="8c84fa94-04c1-424b-9868-57a2d4851a1d" relativeResultsDirectory="3030ed34-4feb-4d0c-9c8b-9f8f8cd6e22c" />
    <UnitTestResult executionId="965f2dab-27da-41fb-b74d-7632d19b2fd5" testId="f1fa40b5-4447-47a8-2f30-6fc71db6df5f" testName="ThirdRun.Tests.WorldMapTests.CurrentMapPosition_ShouldInitiallyBeZero_WhenNotInitialized" computerName="pkrvmjbmru5nbw0" duration="00:00:00.0002109" startTime="2025-07-31T15:57:51.6647138+00:00" endTime="2025-07-31T15:57:51.6647138+00:00" testType="13cdc9d9-ddb5-4fa4-a97d-d965ccfc6d4b" outcome="Passed" testListId="8c84fa94-04c1-424b-9868-57a2d4851a1d" relativeResultsDirectory="965f2dab-27da-41fb-b74d-7632d19b2fd5" />
    <UnitTestResult executionId="1d256338-ccee-4865-93b9-573577e41c07" testId="971b43ac-8e22-eacd-ba17-8436ccf1c4be" testName="ThirdRun.Tests.WorldMapTests.Update_WithEmptyCharacterList_ShouldNotThrow" computerName="pkrvmjbmru5nbw0" duration="00:00:00.0001669" startTime="2025-07-31T15:57:51.6639794+00:00" endTime="2025-07-31T15:57:51.6639794+00:00" testType="13cdc9d9-ddb5-4fa4-a97d-d965ccfc6d4b" outcome="Passed" testListId="8c84fa94-04c1-424b-9868-57a2d4851a1d" relativeResultsDirectory="1d256338-ccee-4865-93b9-573577e41c07" />
    <UnitTestResult executionId="ec077632-467b-44ee-acba-6e6a0a669f5c" testId="c01d8e11-34cb-a0f2-bd18-bbb7f31817d1" testName="ThirdRun.Tests.RandomItemGeneratorTests.GenerateRandomItem_ItemLevelShouldBeBasedOnMonsterLevel(monsterLevel: 5)" computerName="pkrvmjbmru5nbw0" duration="00:00:00.0000099" startTime="2025-07-31T15:57:51.6624094+00:00" endTime="2025-07-31T15:57:51.6624095+00:00" testType="13cdc9d9-ddb5-4fa4-a97d-d965ccfc6d4b" outcome="Passed" testListId="8c84fa94-04c1-424b-9868-57a2d4851a1d" relativeResultsDirectory="ec077632-467b-44ee-acba-6e6a0a669f5c" />
    <UnitTestResult executionId="5e63bc74-dddd-473c-b7e8-8d341245e3f5" testId="9f29192d-552a-20db-fff2-896cef6e1a1d" testName="ThirdRun.Tests.CharacterClassTests.CharacterClass_HasExactlyFourValues" computerName="pkrvmjbmru5nbw0" duration="00:00:00.0003850" startTime="2025-07-31T15:57:51.6616984+00:00" endTime="2025-07-31T15:57:51.6616984+00:00" testType="13cdc9d9-ddb5-4fa4-a97d-d965ccfc6d4b" outcome="Passed" testListId="8c84fa94-04c1-424b-9868-57a2d4851a1d" relativeResultsDirectory="5e63bc74-dddd-473c-b7e8-8d341245e3f5" />
    <UnitTestResult executionId="30fa4116-9518-42b1-bca5-be57e4407b53" testId="e97257a6-6b7e-5629-eab0-791bd76101d0" testName="ThirdRun.Tests.WorldMapTests.SetCharacters_WithMultipleCharacters_ShouldNotThrow" computerName="pkrvmjbmru5nbw0" duration="00:00:00.0014927" startTime="2025-07-31T15:57:51.6647858+00:00" endTime="2025-07-31T15:57:51.6647859+00:00" testType="13cdc9d9-ddb5-4fa4-a97d-d965ccfc6d4b" outcome="Passed" testListId="8c84fa94-04c1-424b-9868-57a2d4851a1d" relativeResultsDirectory="30fa4116-9518-42b1-bca5-be57e4407b53" />
    <UnitTestResult executionId="d2130516-2313-45e3-8230-b8c2307f12cd" testId="248dd63d-92bc-efe4-4a30-fac24c39c86c" testName="ThirdRun.Tests.CharacterPortraitsTests.UIManager_State_HasCharacterDetailsProperties" computerName="pkrvmjbmru5nbw0" duration="00:00:00.0005957" startTime="2025-07-31T15:57:51.6574169+00:00" endTime="2025-07-31T15:57:51.6574170+00:00" testType="13cdc9d9-ddb5-4fa4-a97d-d965ccfc6d4b" outcome="Passed" testListId="8c84fa94-04c1-424b-9868-57a2d4851a1d" relativeResultsDirectory="d2130516-2313-45e3-8230-b8c2307f12cd" />
    <UnitTestResult executionId="7b675d39-01a2-4141-91bf-04ef1ae35bdb" testId="0de8a27c-9f2c-d464-31db-588227e337a2" testName="ThirdRun.Tests.UnitTests.Unit_IsDead_ReturnsTrueWhenHealthIsZero" computerName="pkrvmjbmru5nbw0" duration="00:00:00.0001323" startTime="2025-07-31T15:57:51.6577596+00:00" endTime="2025-07-31T15:57:51.6577596+00:00" testType="13cdc9d9-ddb5-4fa4-a97d-d965ccfc6d4b" outcome="Passed" testListId="8c84fa94-04c1-424b-9868-57a2d4851a1d" relativeResultsDirectory="7b675d39-01a2-4141-91bf-04ef1ae35bdb" />
    <UnitTestResult executionId="af202157-eb7a-45c4-96d1-a26e62429ba5" testId="8d2e7da2-3d27-1b4f-fd70-f2885ae563dd" testName="ThirdRun.Tests.WorldMapTests.Initialize_ShouldCreateWorldMapInstance" computerName="pkrvmjbmru5nbw0" duration="00:00:00.0001245" startTime="2025-07-31T15:57:51.6648539+00:00" endTime="2025-07-31T15:57:51.6648539+00:00" testType="13cdc9d9-ddb5-4fa4-a97d-d965ccfc6d4b" outcome="Passed" testListId="8c84fa94-04c1-424b-9868-57a2d4851a1d" relativeResultsDirectory="af202157-eb7a-45c4-96d1-a26e62429ba5" />
    <UnitTestResult executionId="c340b080-1002-400b-9f6b-7bfc4308e2e5" testId="03b8d958-2589-fcf6-fc02-2d624a933779" testName="ThirdRun.Tests.InventoryTests.AddItem_MultipleItems_AddsAllItems" computerName="pkrvmjbmru5nbw0" duration="00:00:00.0002465" startTime="2025-07-31T15:57:51.6604219+00:00" endTime="2025-07-31T15:57:51.6604220+00:00" testType="13cdc9d9-ddb5-4fa4-a97d-d965ccfc6d4b" outcome="Passed" testListId="8c84fa94-04c1-424b-9868-57a2d4851a1d" relativeResultsDirectory="c340b080-1002-400b-9f6b-7bfc4308e2e5" />
    <UnitTestResult executionId="501e35b3-8937-4ce1-a17c-5ef3ca81c880" testId="e0117f9d-7be2-be16-df4a-d5845f7e1db2" testName="ThirdRun.Tests.CharacterPortraitsTests.ConsoleTestRunner_ExecutesWithoutExceptions" computerName="pkrvmjbmru5nbw0" duration="00:00:00.0216807" startTime="2025-07-31T15:57:51.6637422+00:00" endTime="2025-07-31T15:57:51.6637422+00:00" testType="13cdc9d9-ddb5-4fa4-a97d-d965ccfc6d4b" outcome="Passed" testListId="8c84fa94-04c1-424b-9868-57a2d4851a1d" relativeResultsDirectory="501e35b3-8937-4ce1-a17c-5ef3ca81c880" />
    <UnitTestResult executionId="fd42c293-0926-48aa-8d50-800ee1b50a34" testId="e8afd2fe-7b1e-3ff4-3cb0-efd8b972350a" testName="ThirdRun.Tests.HelpersTests.CalculateDistance_SamePoint_ReturnsZero" computerName="pkrvmjbmru5nbw0" duration="00:00:00.0091215" startTime="2025-07-31T15:57:51.6616064+00:00" endTime="2025-07-31T15:57:51.6616065+00:00" testType="13cdc9d9-ddb5-4fa4-a97d-d965ccfc6d4b" outcome="Passed" testListId="8c84fa94-04c1-424b-9868-57a2d4851a1d" relativeResultsDirectory="fd42c293-0926-48aa-8d50-800ee1b50a34" />
    <UnitTestResult executionId="0a456b69-9ad3-4c9b-a1a2-3cab025eeecd" testId="7e8a6491-f4d1-1a69-83f4-b2e1f642601f" testName="ThirdRun.Tests.ItemTests.Item_Constructor_SetsPropertiesCorrectly" computerName="pkrvmjbmru5nbw0" duration="00:00:00.0062878" startTime="2025-07-31T15:57:51.6038707+00:00" endTime="2025-07-31T15:57:51.6038709+00:00" testType="13cdc9d9-ddb5-4fa4-a97d-d965ccfc6d4b" outcome="Passed" testListId="8c84fa94-04c1-424b-9868-57a2d4851a1d" relativeResultsDirectory="0a456b69-9ad3-4c9b-a1a2-3cab025eeecd" />
    <UnitTestResult executionId="341556ee-84e1-4489-8a66-e260e7862a67" testId="40d7c323-5a2c-5303-6286-22873e58141b" testName="ThirdRun.Tests.UnitTests.Unit_IsDead_ReturnsFalseWhenHealthIsPositive" computerName="pkrvmjbmru5nbw0" duration="00:00:00.0003568" startTime="2025-07-31T15:57:51.6045828+00:00" endTime="2025-07-31T15:57:51.6045829+00:00" testType="13cdc9d9-ddb5-4fa4-a97d-d965ccfc6d4b" outcome="Passed" testListId="8c84fa94-04c1-424b-9868-57a2d4851a1d" relativeResultsDirectory="341556ee-84e1-4489-8a66-e260e7862a67" />
    <UnitTestResult executionId="06d29612-4884-49c4-911e-029200cfd46a" testId="58f12325-51ac-e79c-f495-88a04cb9c29d" testName="ThirdRun.Tests.InventoryTests.Inventory_GetItems_InitializesEmptyItemsList" computerName="pkrvmjbmru5nbw0" duration="00:00:00.0008443" startTime="2025-07-31T15:57:51.6576254+00:00" endTime="2025-07-31T15:57:51.6576255+00:00" testType="13cdc9d9-ddb5-4fa4-a97d-d965ccfc6d4b" outcome="Passed" testListId="8c84fa94-04c1-424b-9868-57a2d4851a1d" relativeResultsDirectory="06d29612-4884-49c4-911e-029200cfd46a" />
    <UnitTestResult executionId="996019fe-f359-4a9d-bf0b-064ea20ee60c" testId="d94d2a7d-019d-3a41-d2e4-dde0876cd0ca" testName="ThirdRun.Tests.EquipmentTests.Equipment_Constructor_SetsPropertiesCorrectly" computerName="pkrvmjbmru5nbw0" duration="00:00:00.0017951" startTime="2025-07-31T15:57:51.6636999+00:00" endTime="2025-07-31T15:57:51.6637000+00:00" testType="13cdc9d9-ddb5-4fa4-a97d-d965ccfc6d4b" outcome="Passed" testListId="8c84fa94-04c1-424b-9868-57a2d4851a1d" relativeResultsDirectory="996019fe-f359-4a9d-bf0b-064ea20ee60c" />
    <UnitTestResult executionId="88ddb37e-4e8e-41dc-bc57-cf76936d563b" testId="f56f779d-3f67-65f9-57df-b932373f736f" testName="ThirdRun.Tests.CharacterPortraitsTests.CharacterClass_MapsToCorrectTexturePath(characterClass: Guerrier, expectedPath: &quot;Characters/warrior&quot;)" computerName="pkrvmjbmru5nbw0" duration="00:00:00.0000061" startTime="2025-07-31T15:57:51.6603390+00:00" endTime="2025-07-31T15:57:51.6603391+00:00" testType="13cdc9d9-ddb5-4fa4-a97d-d965ccfc6d4b" outcome="Passed" testListId="8c84fa94-04c1-424b-9868-57a2d4851a1d" relativeResultsDirectory="88ddb37e-4e8e-41dc-bc57-cf76936d563b" />
    <UnitTestResult executionId="fae3267d-6444-4203-8066-417af8e0b3b9" testId="dac45398-57a4-75d7-36f4-1075b3796a64" testName="ThirdRun.Tests.ItemTests.Potion_Constructor_SetsAllProperties" computerName="pkrvmjbmru5nbw0" duration="00:00:00.0002685" startTime="2025-07-31T15:57:51.6047239+00:00" endTime="2025-07-31T15:57:51.6047240+00:00" testType="13cdc9d9-ddb5-4fa4-a97d-d965ccfc6d4b" outcome="Passed" testListId="8c84fa94-04c1-424b-9868-57a2d4851a1d" relativeResultsDirectory="fae3267d-6444-4203-8066-417af8e0b3b9" />
    <UnitTestResult executionId="1dfaadea-675c-4139-882b-774a09deb966" testId="1d3fe001-c9bd-4c54-e539-5d819ed54287" testName="ThirdRun.Tests.HelpersTests.CalculateDistance_ReturnsCorrectDistance" computerName="pkrvmjbmru5nbw0" duration="00:00:00.0003953" startTime="2025-07-31T15:57:51.6606187+00:00" endTime="2025-07-31T15:57:51.6606188+00:00" testType="13cdc9d9-ddb5-4fa4-a97d-d965ccfc6d4b" outcome="Passed" testListId="8c84fa94-04c1-424b-9868-57a2d4851a1d" relativeResultsDirectory="1dfaadea-675c-4139-882b-774a09deb966" />
    <UnitTestResult executionId="53d07d56-8890-4308-b8a4-0a259bd6f8a7" testId="07c15e1d-5d1a-0d1c-c2d3-a9e0394eb670" testName="ThirdRun.Tests.RandomItemGeneratorTests.GenerateRandomItem_ShouldGenerateDifferentTypes" computerName="pkrvmjbmru5nbw0" duration="00:00:00.0005924" startTime="2025-07-31T15:57:51.6614188+00:00" endTime="2025-07-31T15:57:51.6614189+00:00" testType="13cdc9d9-ddb5-4fa4-a97d-d965ccfc6d4b" outcome="Passed" testListId="8c84fa94-04c1-424b-9868-57a2d4851a1d" relativeResultsDirectory="53d07d56-8890-4308-b8a4-0a259bd6f8a7" />
    <UnitTestResult executionId="9b6c2310-1040-4bc8-9afc-eb8e13dbca35" testId="a57e3f60-c976-7af6-2d4a-2f438946ec0e" testName="ThirdRun.Tests.WorldMapTests.WorldMap_ShouldHandleMultipleUpdates" computerName="pkrvmjbmru5nbw0" duration="00:00:00.0003303" startTime="2025-07-31T15:57:51.6639178+00:00" endTime="2025-07-31T15:57:51.6639178+00:00" testType="13cdc9d9-ddb5-4fa4-a97d-d965ccfc6d4b" outcome="Passed" testListId="8c84fa94-04c1-424b-9868-57a2d4851a1d" relativeResultsDirectory="9b6c2310-1040-4bc8-9afc-eb8e13dbca35" />
    <UnitTestResult executionId="d780eada-7f17-4395-99b9-69451c5c19a6" testId="565ef37b-3213-558d-32c3-54f0bf658100" testName="ThirdRun.Tests.MonsterLootTests.Monster_DropLoot_ShouldReturnRandomItem" computerName="pkrvmjbmru5nbw0" duration="00:00:00.0002285" startTime="2025-07-31T15:57:51.6572928+00:00" endTime="2025-07-31T15:57:51.6572929+00:00" testType="13cdc9d9-ddb5-4fa4-a97d-d965ccfc6d4b" outcome="Passed" testListId="8c84fa94-04c1-424b-9868-57a2d4851a1d" relativeResultsDirectory="d780eada-7f17-4395-99b9-69451c5c19a6" />
    <UnitTestResult executionId="7c6b7ef3-4fc8-4265-8943-8fc80b93de12" testId="662bb3e6-d3e9-ae1d-ff2a-7fc081d86dd1" testName="ThirdRun.Tests.WorldMapTests.Update_WithoutInitialization_ShouldNotThrow" computerName="pkrvmjbmru5nbw0" duration="00:00:00.0001577" startTime="2025-07-31T15:57:51.6646423+00:00" endTime="2025-07-31T15:57:51.6646424+00:00" testType="13cdc9d9-ddb5-4fa4-a97d-d965ccfc6d4b" outcome="Passed" testListId="8c84fa94-04c1-424b-9868-57a2d4851a1d" relativeResultsDirectory="7c6b7ef3-4fc8-4265-8943-8fc80b93de12" />
    <UnitTestResult executionId="daa255b2-a30e-428b-807c-aae4988cf361" testId="af0ae803-128d-b548-ff3e-926ad7b44dac" testName="ThirdRun.Tests.WorldMapTests.SetCharacters_WithEmptyList_ShouldNotThrow" computerName="pkrvmjbmru5nbw0" duration="00:00:00.0001817" startTime="2025-07-31T15:57:51.6638560+00:00" endTime="2025-07-31T15:57:51.6638561+00:00" testType="13cdc9d9-ddb5-4fa4-a97d-d965ccfc6d4b" outcome="Passed" testListId="8c84fa94-04c1-424b-9868-57a2d4851a1d" relativeResultsDirectory="daa255b2-a30e-428b-807c-aae4988cf361" />
    <UnitTestResult executionId="8bbddfda-88b8-4ed9-9a7f-6e2a5a4239cb" testId="ed79f202-f913-2acf-7335-2dfaa8c1e8a3" testName="ThirdRun.Tests.CharacterClassTests.CharacterClass_AllValuesAreValid(characterClass: Chasseur)" computerName="pkrvmjbmru5nbw0" duration="00:00:00.0000099" startTime="2025-07-31T15:57:51.6627767+00:00" endTime="2025-07-31T15:57:51.6627767+00:00" testType="13cdc9d9-ddb5-4fa4-a97d-d965ccfc6d4b" outcome="Passed" testListId="8c84fa94-04c1-424b-9868-57a2d4851a1d" relativeResultsDirectory="8bbddfda-88b8-4ed9-9a7f-6e2a5a4239cb" />
    <UnitTestResult executionId="b232ce69-f8c5-4a51-9f07-0b8e59be9eb4" testId="1be25cc4-3cc2-262b-37d4-a20e40411473" testName="ThirdRun.Tests.RandomItemGeneratorTests.GenerateRandomItem_ShouldReturnValidItem" computerName="pkrvmjbmru5nbw0" duration="00:00:00.0037465" startTime="2025-07-31T15:57:51.6635837+00:00" endTime="2025-07-31T15:57:51.6635838+00:00" testType="13cdc9d9-ddb5-4fa4-a97d-d965ccfc6d4b" outcome="Passed" testListId="8c84fa94-04c1-424b-9868-57a2d4851a1d" relativeResultsDirectory="b232ce69-f8c5-4a51-9f07-0b8e59be9eb4" />
    <UnitTestResult executionId="8136ce05-dc3c-48a6-82b4-0e86d9fb0426" testId="90eedb63-50e8-e9f2-b4ef-61eeb5667bbf" testName="ThirdRun.Tests.CharacterPortraitsTests.UIManager_State_CanStoreSelectedCharacter" computerName="pkrvmjbmru5nbw0" duration="00:00:00.0008367" startTime="2025-07-31T15:57:51.6575908+00:00" endTime="2025-07-31T15:57:51.6575909+00:00" testType="13cdc9d9-ddb5-4fa4-a97d-d965ccfc6d4b" outcome="Passed" testListId="8c84fa94-04c1-424b-9868-57a2d4851a1d" relativeResultsDirectory="8136ce05-dc3c-48a6-82b4-0e86d9fb0426" />
    <UnitTestResult executionId="6487a52a-060b-4c59-a068-e4fd8cb7dbf9" testId="14357871-3003-89dd-9598-19915c25d274" testName="ThirdRun.Tests.HelpersTests.RandomNumber_ReturnsValueWithinRange" computerName="pkrvmjbmru5nbw0" duration="00:00:00.0002060" startTime="2025-07-31T15:57:51.6605230+00:00" endTime="2025-07-31T15:57:51.6605231+00:00" testType="13cdc9d9-ddb5-4fa4-a97d-d965ccfc6d4b" outcome="Passed" testListId="8c84fa94-04c1-424b-9868-57a2d4851a1d" relativeResultsDirectory="6487a52a-060b-4c59-a068-e4fd8cb7dbf9" />
    <UnitTestResult executionId="ca9d6b37-a6f6-4f22-9909-5c5feab34fa6" testId="60a61cc0-8e06-3080-f699-a2a1594da222" testName="ThirdRun.Tests.UnitTests.Unit_IsDead_ReturnsTrueWhenHealthIsNegative" computerName="pkrvmjbmru5nbw0" duration="00:00:00.0061726" startTime="2025-07-31T15:57:51.5806956+00:00" endTime="2025-07-31T15:57:51.5807480+00:00" testType="13cdc9d9-ddb5-4fa4-a97d-d965ccfc6d4b" outcome="Passed" testListId="8c84fa94-04c1-424b-9868-57a2d4851a1d" relativeResultsDirectory="ca9d6b37-a6f6-4f22-9909-5c5feab34fa6" />
    <UnitTestResult executionId="b4e98d91-9c73-440f-9567-2111f10a86d1" testId="71615f23-10cd-7a0b-2f74-8a218dbf5fc1" testName="ThirdRun.Tests.CharacterPortraitsTests.CharacterClass_MapsToCorrectTexturePath(characterClass: Chasseur, expectedPath: &quot;Characters/hunter&quot;)" computerName="pkrvmjbmru5nbw0" duration="00:00:00.0003178" startTime="2025-07-31T15:57:51.6601096+00:00" endTime="2025-07-31T15:57:51.6601097+00:00" testType="13cdc9d9-ddb5-4fa4-a97d-d965ccfc6d4b" outcome="Passed" testListId="8c84fa94-04c1-424b-9868-57a2d4851a1d" relativeResultsDirectory="b4e98d91-9c73-440f-9567-2111f10a86d1" />
    <UnitTestResult executionId="ad6ea6e7-278b-4073-adb9-b0342b83abdb" testId="c4e26957-0bfd-aa4b-c7a3-46ceb4828b48" testName="ThirdRun.Tests.RandomItemGeneratorTests.GenerateRandomItem_HigherLevelShouldHaveBetterStats" computerName="pkrvmjbmru5nbw0" duration="00:00:00.0302055" startTime="2025-07-31T15:57:51.6613417+00:00" endTime="2025-07-31T15:57:51.6613418+00:00" testType="13cdc9d9-ddb5-4fa4-a97d-d965ccfc6d4b" outcome="Passed" testListId="8c84fa94-04c1-424b-9868-57a2d4851a1d" relativeResultsDirectory="ad6ea6e7-278b-4073-adb9-b0342b83abdb" />
    <UnitTestResult executionId="5f8a4323-a948-4697-9df2-7936155a5ab1" testId="ae50ba8b-9a5c-cb3c-35d3-1f1240c8f205" testName="ThirdRun.Tests.InventoryTests.AddItem_AddsItemToInventory" computerName="pkrvmjbmru5nbw0" duration="00:00:00.0020112" startTime="2025-07-31T15:57:51.6602040+00:00" endTime="2025-07-31T15:57:51.6602040+00:00" testType="13cdc9d9-ddb5-4fa4-a97d-d965ccfc6d4b" outcome="Passed" testListId="8c84fa94-04c1-424b-9868-57a2d4851a1d" relativeResultsDirectory="5f8a4323-a948-4697-9df2-7936155a5ab1" />
    <UnitTestResult executionId="ebca25c1-b89b-43df-9108-2dc771c30749" testId="2ba4594d-6c9f-f78a-15c8-60a27a561c43" testName="ThirdRun.Tests.WorldMapTests.WorldMap_CharacterTransitionBehavior_ShouldBeStable" computerName="pkrvmjbmru5nbw0" duration="00:00:00.0021443" startTime="2025-07-31T15:57:51.6645672+00:00" endTime="2025-07-31T15:57:51.6645672+00:00" testType="13cdc9d9-ddb5-4fa4-a97d-d965ccfc6d4b" outcome="Passed" testListId="8c84fa94-04c1-424b-9868-57a2d4851a1d" relativeResultsDirectory="ebca25c1-b89b-43df-9108-2dc771c30749" />
    <UnitTestResult executionId="eaa68b51-37fb-4184-b96b-9ad0c6ad5c59" testId="d845176f-093e-38e2-a1a1-7d00eeea7990" testName="ThirdRun.Tests.CharacterPortraitsTests.CharacterClass_MapsToCorrectTexturePath(characterClass: Prêtre, expectedPath: &quot;Characters/priest&quot;)" computerName="pkrvmjbmru5nbw0" duration="00:00:00.0000090" startTime="2025-07-31T15:57:51.6602805+00:00" endTime="2025-07-31T15:57:51.6602806+00:00" testType="13cdc9d9-ddb5-4fa4-a97d-d965ccfc6d4b" outcome="Passed" testListId="8c84fa94-04c1-424b-9868-57a2d4851a1d" relativeResultsDirectory="eaa68b51-37fb-4184-b96b-9ad0c6ad5c59" />
    <UnitTestResult executionId="038aea97-61f9-463a-9780-af4330b0b36a" testId="55f8570a-48d5-7718-78e1-9855fb49b7e8" testName="ThirdRun.Tests.WorldMapTests.WorldMap_ShouldHandleCharacterListModification" computerName="pkrvmjbmru5nbw0" duration="00:00:00.0301454" startTime="2025-07-31T15:57:51.6637929+00:00" endTime="2025-07-31T15:57:51.6637930+00:00" testType="13cdc9d9-ddb5-4fa4-a97d-d965ccfc6d4b" outcome="Passed" testListId="8c84fa94-04c1-424b-9868-57a2d4851a1d" relativeResultsDirectory="038aea97-61f9-463a-9780-af4330b0b36a" />
    <UnitTestResult executionId="0cc205de-7293-4c32-ba41-f96f837e3879" testId="d1fef47d-5f6c-7ad5-20bf-a9155ecf8642" testName="ThirdRun.Tests.ItemTests.Weapon_Constructor_SetsAllProperties" computerName="pkrvmjbmru5nbw0" duration="00:00:00.0004022" startTime="2025-07-31T15:57:51.6046603+00:00" endTime="2025-07-31T15:57:51.6046604+00:00" testType="13cdc9d9-ddb5-4fa4-a97d-d965ccfc6d4b" outcome="Passed" testListId="8c84fa94-04c1-424b-9868-57a2d4851a1d" relativeResultsDirectory="0cc205de-7293-4c32-ba41-f96f837e3879" />
    <UnitTestResult executionId="40dd1b0d-68b3-4e1f-b466-0eabdd9af8df" testId="ed955287-df95-93c0-b9a7-75fa284c6956" testName="ThirdRun.Tests.CharacterPortraitsTests.CharacterClass_MapsToCorrectTexturePath(characterClass: Mage, expectedPath: &quot;Characters/mage&quot;)" computerName="pkrvmjbmru5nbw0" duration="00:00:00.0003138" startTime="2025-07-31T15:57:51.6601694+00:00" endTime="2025-07-31T15:57:51.6601695+00:00" testType="13cdc9d9-ddb5-4fa4-a97d-d965ccfc6d4b" outcome="Passed" testListId="8c84fa94-04c1-424b-9868-57a2d4851a1d" relativeResultsDirectory="40dd1b0d-68b3-4e1f-b466-0eabdd9af8df" />
    <UnitTestResult executionId="4d3cdcc4-83e2-40f3-804e-0b6b50408337" testId="28a81f41-bd2b-999f-9966-e5a11481868c" testName="ThirdRun.Tests.RandomItemGeneratorTests.GenerateRandomItem_ItemLevelShouldBeBasedOnMonsterLevel(monsterLevel: 3)" computerName="pkrvmjbmru5nbw0" duration="00:00:00.0000280" startTime="2025-07-31T15:57:51.6623412+00:00" endTime="2025-07-31T15:57:51.6623413+00:00" testType="13cdc9d9-ddb5-4fa4-a97d-d965ccfc6d4b" outcome="Passed" testListId="8c84fa94-04c1-424b-9868-57a2d4851a1d" relativeResultsDirectory="4d3cdcc4-83e2-40f3-804e-0b6b50408337" />
    <UnitTestResult executionId="8267a660-39ef-4d41-a933-fba838d2c537" testId="512818f0-694f-2497-7f5c-6f50381e5cb7" testName="ThirdRun.Tests.MonsterLootTests.MonsterType_Constructor_ShouldSetLevelCorrectly" computerName="pkrvmjbmru5nbw0" duration="00:00:00.0024070" startTime="2025-07-31T15:57:51.6572142+00:00" endTime="2025-07-31T15:57:51.6572143+00:00" testType="13cdc9d9-ddb5-4fa4-a97d-d965ccfc6d4b" outcome="Passed" testListId="8c84fa94-04c1-424b-9868-57a2d4851a1d" relativeResultsDirectory="8267a660-39ef-4d41-a933-fba838d2c537" />
  </Results>
  <TestDefinitions>
    <UnitTest name="ThirdRun.Tests.CharacterPortraitsTests.ConsoleTestRunner_ExecutesWithoutExceptions" storage="/home/runner/work/thirdrun/thirdrun/thirdrun.tests/bin/debug/net8.0/thirdrun.tests.dll" id="e0117f9d-7be2-be16-df4a-d5845f7e1db2">
      <Execution id="501e35b3-8937-4ce1-a17c-5ef3ca81c880" />
      <TestMethod codeBase="/home/runner/work/ThirdRun/ThirdRun/ThirdRun.Tests/bin/Debug/net8.0/ThirdRun.Tests.dll" adapterTypeName="executor://xunit/VsTestRunner2/netcoreapp" className="ThirdRun.Tests.CharacterPortraitsTests" name="ConsoleTestRunner_ExecutesWithoutExceptions" />
    </UnitTest>
    <UnitTest name="ThirdRun.Tests.RandomItemGeneratorTests.GenerateRandomItem_ItemLevelShouldBeBasedOnMonsterLevel(monsterLevel: 5)" storage="/home/runner/work/thirdrun/thirdrun/thirdrun.tests/bin/debug/net8.0/thirdrun.tests.dll" id="c01d8e11-34cb-a0f2-bd18-bbb7f31817d1">
      <Execution id="ec077632-467b-44ee-acba-6e6a0a669f5c" />
      <TestMethod codeBase="/home/runner/work/ThirdRun/ThirdRun/ThirdRun.Tests/bin/Debug/net8.0/ThirdRun.Tests.dll" adapterTypeName="executor://xunit/VsTestRunner2/netcoreapp" className="ThirdRun.Tests.RandomItemGeneratorTests" name="GenerateRandomItem_ItemLevelShouldBeBasedOnMonsterLevel" />
    </UnitTest>
    <UnitTest name="ThirdRun.Tests.InventoryTests.AddItem_AddsItemToInventory" storage="/home/runner/work/thirdrun/thirdrun/thirdrun.tests/bin/debug/net8.0/thirdrun.tests.dll" id="ae50ba8b-9a5c-cb3c-35d3-1f1240c8f205">
      <Execution id="5f8a4323-a948-4697-9df2-7936155a5ab1" />
      <TestMethod codeBase="/home/runner/work/ThirdRun/ThirdRun/ThirdRun.Tests/bin/Debug/net8.0/ThirdRun.Tests.dll" adapterTypeName="executor://xunit/VsTestRunner2/netcoreapp" className="ThirdRun.Tests.InventoryTests" name="AddItem_AddsItemToInventory" />
    </UnitTest>
    <UnitTest name="ThirdRun.Tests.WorldMapTests.SetCharacters_WithMultipleCharacters_ShouldNotThrow" storage="/home/runner/work/thirdrun/thirdrun/thirdrun.tests/bin/debug/net8.0/thirdrun.tests.dll" id="e97257a6-6b7e-5629-eab0-791bd76101d0">
      <Execution id="30fa4116-9518-42b1-bca5-be57e4407b53" />
      <TestMethod codeBase="/home/runner/work/ThirdRun/ThirdRun/ThirdRun.Tests/bin/Debug/net8.0/ThirdRun.Tests.dll" adapterTypeName="executor://xunit/VsTestRunner2/netcoreapp" className="ThirdRun.Tests.WorldMapTests" name="SetCharacters_WithMultipleCharacters_ShouldNotThrow" />
    </UnitTest>
    <UnitTest name="ThirdRun.Tests.WorldMapTests.Initialize_ShouldCreateWorldMapInstance" storage="/home/runner/work/thirdrun/thirdrun/thirdrun.tests/bin/debug/net8.0/thirdrun.tests.dll" id="8d2e7da2-3d27-1b4f-fd70-f2885ae563dd">
      <Execution id="af202157-eb7a-45c4-96d1-a26e62429ba5" />
      <TestMethod codeBase="/home/runner/work/ThirdRun/ThirdRun/ThirdRun.Tests/bin/Debug/net8.0/ThirdRun.Tests.dll" adapterTypeName="executor://xunit/VsTestRunner2/netcoreapp" className="ThirdRun.Tests.WorldMapTests" name="Initialize_ShouldCreateWorldMapInstance" />
    </UnitTest>
    <UnitTest name="ThirdRun.Tests.CharacterClassTests.CharacterClass_HasExpectedValues" storage="/home/runner/work/thirdrun/thirdrun/thirdrun.tests/bin/debug/net8.0/thirdrun.tests.dll" id="a69314ff-bb51-f71f-970a-9fcd6322a526">
      <Execution id="a6f6ea76-ae2e-48b3-92ae-6967b51af1e2" />
      <TestMethod codeBase="/home/runner/work/ThirdRun/ThirdRun/ThirdRun.Tests/bin/Debug/net8.0/ThirdRun.Tests.dll" adapterTypeName="executor://xunit/VsTestRunner2/netcoreapp" className="ThirdRun.Tests.CharacterClassTests" name="CharacterClass_HasExpectedValues" />
    </UnitTest>
    <UnitTest name="ThirdRun.Tests.RandomItemGeneratorTests.GenerateRandomItem_ArmorShouldHaveCorrectProperties" storage="/home/runner/work/thirdrun/thirdrun/thirdrun.tests/bin/debug/net8.0/thirdrun.tests.dll" id="43b95e5d-9dd4-a7af-7382-d675d61cf4e8">
      <Execution id="1cadbe96-812a-48b9-8ab4-ea27c330c56f" />
      <TestMethod codeBase="/home/runner/work/ThirdRun/ThirdRun/ThirdRun.Tests/bin/Debug/net8.0/ThirdRun.Tests.dll" adapterTypeName="executor://xunit/VsTestRunner2/netcoreapp" className="ThirdRun.Tests.RandomItemGeneratorTests" name="GenerateRandomItem_ArmorShouldHaveCorrectProperties" />
    </UnitTest>
    <UnitTest name="ThirdRun.Tests.InventoryTests.AddItem_MultipleItems_AddsAllItems" storage="/home/runner/work/thirdrun/thirdrun/thirdrun.tests/bin/debug/net8.0/thirdrun.tests.dll" id="03b8d958-2589-fcf6-fc02-2d624a933779">
      <Execution id="c340b080-1002-400b-9f6b-7bfc4308e2e5" />
      <TestMethod codeBase="/home/runner/work/ThirdRun/ThirdRun/ThirdRun.Tests/bin/Debug/net8.0/ThirdRun.Tests.dll" adapterTypeName="executor://xunit/VsTestRunner2/netcoreapp" className="ThirdRun.Tests.InventoryTests" name="AddItem_MultipleItems_AddsAllItems" />
    </UnitTest>
    <UnitTest name="ThirdRun.Tests.EquipmentTests.Equipment_InheritsFromItem" storage="/home/runner/work/thirdrun/thirdrun/thirdrun.tests/bin/debug/net8.0/thirdrun.tests.dll" id="1742af7b-28ae-73a3-9c23-52f1e0928857">
      <Execution id="13b4d39e-2339-4865-bad3-1da6078e13b9" />
      <TestMethod codeBase="/home/runner/work/ThirdRun/ThirdRun/ThirdRun.Tests/bin/Debug/net8.0/ThirdRun.Tests.dll" adapterTypeName="executor://xunit/VsTestRunner2/netcoreapp" className="ThirdRun.Tests.EquipmentTests" name="Equipment_InheritsFromItem" />
    </UnitTest>
    <UnitTest name="ThirdRun.Tests.RandomItemGeneratorTests.GenerateRandomItem_ItemLevelShouldBeBasedOnMonsterLevel(monsterLevel: 1)" storage="/home/runner/work/thirdrun/thirdrun/thirdrun.tests/bin/debug/net8.0/thirdrun.tests.dll" id="e7366b54-9a1b-a8b9-da10-acd22631d1cb">
      <Execution id="543d5f60-28bc-4c45-bbd2-0f89b65ac40b" />
      <TestMethod codeBase="/home/runner/work/ThirdRun/ThirdRun/ThirdRun.Tests/bin/Debug/net8.0/ThirdRun.Tests.dll" adapterTypeName="executor://xunit/VsTestRunner2/netcoreapp" className="ThirdRun.Tests.RandomItemGeneratorTests" name="GenerateRandomItem_ItemLevelShouldBeBasedOnMonsterLevel" />
    </UnitTest>
    <UnitTest name="ThirdRun.Tests.CharacterClassTests.CharacterClass_AllValuesAreValid(characterClass: Chasseur)" storage="/home/runner/work/thirdrun/thirdrun/thirdrun.tests/bin/debug/net8.0/thirdrun.tests.dll" id="ed79f202-f913-2acf-7335-2dfaa8c1e8a3">
      <Execution id="8bbddfda-88b8-4ed9-9a7f-6e2a5a4239cb" />
      <TestMethod codeBase="/home/runner/work/ThirdRun/ThirdRun/ThirdRun.Tests/bin/Debug/net8.0/ThirdRun.Tests.dll" adapterTypeName="executor://xunit/VsTestRunner2/netcoreapp" className="ThirdRun.Tests.CharacterClassTests" name="CharacterClass_AllValuesAreValid" />
    </UnitTest>
    <UnitTest name="ThirdRun.Tests.WorldMapTests.WorldMap_CharacterTransitionBehavior_ShouldBeStable" storage="/home/runner/work/thirdrun/thirdrun/thirdrun.tests/bin/debug/net8.0/thirdrun.tests.dll" id="2ba4594d-6c9f-f78a-15c8-60a27a561c43">
      <Execution id="ebca25c1-b89b-43df-9108-2dc771c30749" />
      <TestMethod codeBase="/home/runner/work/ThirdRun/ThirdRun/ThirdRun.Tests/bin/Debug/net8.0/ThirdRun.Tests.dll" adapterTypeName="executor://xunit/VsTestRunner2/netcoreapp" className="ThirdRun.Tests.WorldMapTests" name="WorldMap_CharacterTransitionBehavior_ShouldBeStable" />
    </UnitTest>
    <UnitTest name="ThirdRun.Tests.CharacterPortraitsTests.UIManager_State_HasCharacterDetailsProperties" storage="/home/runner/work/thirdrun/thirdrun/thirdrun.tests/bin/debug/net8.0/thirdrun.tests.dll" id="248dd63d-92bc-efe4-4a30-fac24c39c86c">
      <Execution id="d2130516-2313-45e3-8230-b8c2307f12cd" />
      <TestMethod codeBase="/home/runner/work/ThirdRun/ThirdRun/ThirdRun.Tests/bin/Debug/net8.0/ThirdRun.Tests.dll" adapterTypeName="executor://xunit/VsTestRunner2/netcoreapp" className="ThirdRun.Tests.CharacterPortraitsTests" name="UIManager_State_HasCharacterDetailsProperties" />
    </UnitTest>
    <UnitTest name="ThirdRun.Tests.CharacterPortraitsTests.UIManager_State_CanStoreSelectedCharacter" storage="/home/runner/work/thirdrun/thirdrun/thirdrun.tests/bin/debug/net8.0/thirdrun.tests.dll" id="90eedb63-50e8-e9f2-b4ef-61eeb5667bbf">
      <Execution id="8136ce05-dc3c-48a6-82b4-0e86d9fb0426" />
      <TestMethod codeBase="/home/runner/work/ThirdRun/ThirdRun/ThirdRun.Tests/bin/Debug/net8.0/ThirdRun.Tests.dll" adapterTypeName="executor://xunit/VsTestRunner2/netcoreapp" className="ThirdRun.Tests.CharacterPortraitsTests" name="UIManager_State_CanStoreSelectedCharacter" />
    </UnitTest>
    <UnitTest name="ThirdRun.Tests.CharacterPortraitsTests.CharacterClass_MapsToCorrectTexturePath(characterClass: Guerrier, expectedPath: &quot;Characters/warrior&quot;)" storage="/home/runner/work/thirdrun/thirdrun/thirdrun.tests/bin/debug/net8.0/thirdrun.tests.dll" id="f56f779d-3f67-65f9-57df-b932373f736f">
      <Execution id="88ddb37e-4e8e-41dc-bc57-cf76936d563b" />
      <TestMethod codeBase="/home/runner/work/ThirdRun/ThirdRun/ThirdRun.Tests/bin/Debug/net8.0/ThirdRun.Tests.dll" adapterTypeName="executor://xunit/VsTestRunner2/netcoreapp" className="ThirdRun.Tests.CharacterPortraitsTests" name="CharacterClass_MapsToCorrectTexturePath" />
    </UnitTest>
    <UnitTest name="ThirdRun.Tests.CharacterClassTests.CharacterClass_AllValuesAreValid(characterClass: Mage)" storage="/home/runner/work/thirdrun/thirdrun/thirdrun.tests/bin/debug/net8.0/thirdrun.tests.dll" id="ebcf2d98-4994-36f5-1a02-823738347197">
      <Execution id="3030ed34-4feb-4d0c-9c8b-9f8f8cd6e22c" />
      <TestMethod codeBase="/home/runner/work/ThirdRun/ThirdRun/ThirdRun.Tests/bin/Debug/net8.0/ThirdRun.Tests.dll" adapterTypeName="executor://xunit/VsTestRunner2/netcoreapp" className="ThirdRun.Tests.CharacterClassTests" name="CharacterClass_AllValuesAreValid" />
    </UnitTest>
    <UnitTest name="ThirdRun.Tests.EquipmentTests.Equipment_Constructor_SetsPropertiesCorrectly" storage="/home/runner/work/thirdrun/thirdrun/thirdrun.tests/bin/debug/net8.0/thirdrun.tests.dll" id="d94d2a7d-019d-3a41-d2e4-dde0876cd0ca">
      <Execution id="996019fe-f359-4a9d-bf0b-064ea20ee60c" />
      <TestMethod codeBase="/home/runner/work/ThirdRun/ThirdRun/ThirdRun.Tests/bin/Debug/net8.0/ThirdRun.Tests.dll" adapterTypeName="executor://xunit/VsTestRunner2/netcoreapp" className="ThirdRun.Tests.EquipmentTests" name="Equipment_Constructor_SetsPropertiesCorrectly" />
    </UnitTest>
    <UnitTest name="ThirdRun.Tests.RandomItemGeneratorTests.GenerateRandomItem_ItemLevelShouldBeBasedOnMonsterLevel(monsterLevel: 3)" storage="/home/runner/work/thirdrun/thirdrun/thirdrun.tests/bin/debug/net8.0/thirdrun.tests.dll" id="28a81f41-bd2b-999f-9966-e5a11481868c">
      <Execution id="4d3cdcc4-83e2-40f3-804e-0b6b50408337" />
      <TestMethod codeBase="/home/runner/work/ThirdRun/ThirdRun/ThirdRun.Tests/bin/Debug/net8.0/ThirdRun.Tests.dll" adapterTypeName="executor://xunit/VsTestRunner2/netcoreapp" className="ThirdRun.Tests.RandomItemGeneratorTests" name="GenerateRandomItem_ItemLevelShouldBeBasedOnMonsterLevel" />
    </UnitTest>
    <UnitTest name="ThirdRun.Tests.CharacterClassTests.CharacterClass_AllValuesAreValid(characterClass: Prêtre)" storage="/home/runner/work/thirdrun/thirdrun/thirdrun.tests/bin/debug/net8.0/thirdrun.tests.dll" id="eecc411e-f790-a778-fa36-8004b8ff8c6f">
      <Execution id="76154268-ac9f-4b29-914f-165719ae5fb8" />
      <TestMethod codeBase="/home/runner/work/ThirdRun/ThirdRun/ThirdRun.Tests/bin/Debug/net8.0/ThirdRun.Tests.dll" adapterTypeName="executor://xunit/VsTestRunner2/netcoreapp" className="ThirdRun.Tests.CharacterClassTests" name="CharacterClass_AllValuesAreValid" />
    </UnitTest>
    <UnitTest name="ThirdRun.Tests.UnitTests.Unit_Properties_CanBeSetAndRetrieved" storage="/home/runner/work/thirdrun/thirdrun/thirdrun.tests/bin/debug/net8.0/thirdrun.tests.dll" id="1dcd7a0b-e2f4-6796-ae32-cd50d280f820">
      <Execution id="8f927e8e-7de0-48e1-a4f5-47b0d602e84a" />
      <TestMethod codeBase="/home/runner/work/ThirdRun/ThirdRun/ThirdRun.Tests/bin/Debug/net8.0/ThirdRun.Tests.dll" adapterTypeName="executor://xunit/VsTestRunner2/netcoreapp" className="ThirdRun.Tests.UnitTests" name="Unit_Properties_CanBeSetAndRetrieved" />
    </UnitTest>
    <UnitTest name="ThirdRun.Tests.RandomItemGeneratorTests.GenerateRandomItem_PotionShouldHaveCorrectProperties" storage="/home/runner/work/thirdrun/thirdrun/thirdrun.tests/bin/debug/net8.0/thirdrun.tests.dll" id="dd2af6ab-4599-d328-cefa-f79dcaa528f1">
      <Execution id="6e0d9a64-c90b-41dc-a88e-632672603cef" />
      <TestMethod codeBase="/home/runner/work/ThirdRun/ThirdRun/ThirdRun.Tests/bin/Debug/net8.0/ThirdRun.Tests.dll" adapterTypeName="executor://xunit/VsTestRunner2/netcoreapp" className="ThirdRun.Tests.RandomItemGeneratorTests" name="GenerateRandomItem_PotionShouldHaveCorrectProperties" />
    </UnitTest>
    <UnitTest name="ThirdRun.Tests.WorldMapTests.SetCharacters_WithEmptyList_ShouldNotThrow" storage="/home/runner/work/thirdrun/thirdrun/thirdrun.tests/bin/debug/net8.0/thirdrun.tests.dll" id="af0ae803-128d-b548-ff3e-926ad7b44dac">
      <Execution id="daa255b2-a30e-428b-807c-aae4988cf361" />
      <TestMethod codeBase="/home/runner/work/ThirdRun/ThirdRun/ThirdRun.Tests/bin/Debug/net8.0/ThirdRun.Tests.dll" adapterTypeName="executor://xunit/VsTestRunner2/netcoreapp" className="ThirdRun.Tests.WorldMapTests" name="SetCharacters_WithEmptyList_ShouldNotThrow" />
    </UnitTest>
    <UnitTest name="ThirdRun.Tests.MonsterLootTests.MonsterType_Constructor_ShouldSetLevelCorrectly" storage="/home/runner/work/thirdrun/thirdrun/thirdrun.tests/bin/debug/net8.0/thirdrun.tests.dll" id="512818f0-694f-2497-7f5c-6f50381e5cb7">
      <Execution id="8267a660-39ef-4d41-a933-fba838d2c537" />
      <TestMethod codeBase="/home/runner/work/ThirdRun/ThirdRun/ThirdRun.Tests/bin/Debug/net8.0/ThirdRun.Tests.dll" adapterTypeName="executor://xunit/VsTestRunner2/netcoreapp" className="ThirdRun.Tests.MonsterLootTests" name="MonsterType_Constructor_ShouldSetLevelCorrectly" />
    </UnitTest>
    <UnitTest name="ThirdRun.Tests.WorldMapTests.CurrentMapPosition_ShouldInitiallyBeZero_WhenNotInitialized" storage="/home/runner/work/thirdrun/thirdrun/thirdrun.tests/bin/debug/net8.0/thirdrun.tests.dll" id="f1fa40b5-4447-47a8-2f30-6fc71db6df5f">
      <Execution id="965f2dab-27da-41fb-b74d-7632d19b2fd5" />
      <TestMethod codeBase="/home/runner/work/ThirdRun/ThirdRun/ThirdRun.Tests/bin/Debug/net8.0/ThirdRun.Tests.dll" adapterTypeName="executor://xunit/VsTestRunner2/netcoreapp" className="ThirdRun.Tests.WorldMapTests" name="CurrentMapPosition_ShouldInitiallyBeZero_WhenNotInitialized" />
    </UnitTest>
    <UnitTest name="ThirdRun.Tests.WorldMapTests.Update_WithEmptyCharacterList_ShouldNotThrow" storage="/home/runner/work/thirdrun/thirdrun/thirdrun.tests/bin/debug/net8.0/thirdrun.tests.dll" id="971b43ac-8e22-eacd-ba17-8436ccf1c4be">
      <Execution id="1d256338-ccee-4865-93b9-573577e41c07" />
      <TestMethod codeBase="/home/runner/work/ThirdRun/ThirdRun/ThirdRun.Tests/bin/Debug/net8.0/ThirdRun.Tests.dll" adapterTypeName="executor://xunit/VsTestRunner2/netcoreapp" className="ThirdRun.Tests.WorldMapTests" name="Update_WithEmptyCharacterList_ShouldNotThrow" />
    </UnitTest>
    <UnitTest name="ThirdRun.Tests.ItemTests.Item_Constructor_SetsPropertiesCorrectly" storage="/home/runner/work/thirdrun/thirdrun/thirdrun.tests/bin/debug/net8.0/thirdrun.tests.dll" id="7e8a6491-f4d1-1a69-83f4-b2e1f642601f">
      <Execution id="0a456b69-9ad3-4c9b-a1a2-3cab025eeecd" />
      <TestMethod codeBase="/home/runner/work/ThirdRun/ThirdRun/ThirdRun.Tests/bin/Debug/net8.0/ThirdRun.Tests.dll" adapterTypeName="executor://xunit/VsTestRunner2/netcoreapp" className="ThirdRun.Tests.ItemTests" name="Item_Constructor_SetsPropertiesCorrectly" />
    </UnitTest>
    <UnitTest name="ThirdRun.Tests.ItemTests.Potion_Constructor_SetsAllProperties" storage="/home/runner/work/thirdrun/thirdrun/thirdrun.tests/bin/debug/net8.0/thirdrun.tests.dll" id="dac45398-57a4-75d7-36f4-1075b3796a64">
      <Execution id="fae3267d-6444-4203-8066-417af8e0b3b9" />
      <TestMethod codeBase="/home/runner/work/ThirdRun/ThirdRun/ThirdRun.Tests/bin/Debug/net8.0/ThirdRun.Tests.dll" adapterTypeName="executor://xunit/VsTestRunner2/netcoreapp" className="ThirdRun.Tests.ItemTests" name="Potion_Constructor_SetsAllProperties" />
    </UnitTest>
    <UnitTest name="ThirdRun.Tests.CharacterPortraitsTests.CharacterClass_MapsToCorrectTexturePath(characterClass: Prêtre, expectedPath: &quot;Characters/priest&quot;)" storage="/home/runner/work/thirdrun/thirdrun/thirdrun.tests/bin/debug/net8.0/thirdrun.tests.dll" id="d845176f-093e-38e2-a1a1-7d00eeea7990">
      <Execution id="eaa68b51-37fb-4184-b96b-9ad0c6ad5c59" />
      <TestMethod codeBase="/home/runner/work/ThirdRun/ThirdRun/ThirdRun.Tests/bin/Debug/net8.0/ThirdRun.Tests.dll" adapterTypeName="executor://xunit/VsTestRunner2/netcoreapp" className="ThirdRun.Tests.CharacterPortraitsTests" name="CharacterClass_MapsToCorrectTexturePath" />
    </UnitTest>
    <UnitTest name="ThirdRun.Tests.HelpersTests.CalculateDistance_ReturnsCorrectDistance" storage="/home/runner/work/thirdrun/thirdrun/thirdrun.tests/bin/debug/net8.0/thirdrun.tests.dll" id="1d3fe001-c9bd-4c54-e539-5d819ed54287">
      <Execution id="1dfaadea-675c-4139-882b-774a09deb966" />
      <TestMethod codeBase="/home/runner/work/ThirdRun/ThirdRun/ThirdRun.Tests/bin/Debug/net8.0/ThirdRun.Tests.dll" adapterTypeName="executor://xunit/VsTestRunner2/netcoreapp" className="ThirdRun.Tests.HelpersTests" name="CalculateDistance_ReturnsCorrectDistance" />
    </UnitTest>
    <UnitTest name="ThirdRun.Tests.HelpersTests.CalculateDistance_SamePoint_ReturnsZero" storage="/home/runner/work/thirdrun/thirdrun/thirdrun.tests/bin/debug/net8.0/thirdrun.tests.dll" id="e8afd2fe-7b1e-3ff4-3cb0-efd8b972350a">
      <Execution id="fd42c293-0926-48aa-8d50-800ee1b50a34" />
      <TestMethod codeBase="/home/runner/work/ThirdRun/ThirdRun/ThirdRun.Tests/bin/Debug/net8.0/ThirdRun.Tests.dll" adapterTypeName="executor://xunit/VsTestRunner2/netcoreapp" className="ThirdRun.Tests.HelpersTests" name="CalculateDistance_SamePoint_ReturnsZero" />
    </UnitTest>
    <UnitTest name="ThirdRun.Tests.RandomItemGeneratorTests.GenerateRandomItem_ItemLevelShouldBeBasedOnMonsterLevel(monsterLevel: 10)" storage="/home/runner/work/thirdrun/thirdrun/thirdrun.tests/bin/debug/net8.0/thirdrun.tests.dll" id="ae89fa10-ace8-abbb-66ec-4f344f43dfa4">
      <Execution id="a5a36436-8f27-449d-9adb-b2c6267e7136" />
      <TestMethod codeBase="/home/runner/work/ThirdRun/ThirdRun/ThirdRun.Tests/bin/Debug/net8.0/ThirdRun.Tests.dll" adapterTypeName="executor://xunit/VsTestRunner2/netcoreapp" className="ThirdRun.Tests.RandomItemGeneratorTests" name="GenerateRandomItem_ItemLevelShouldBeBasedOnMonsterLevel" />
    </UnitTest>
    <UnitTest name="ThirdRun.Tests.RandomItemGeneratorTests.GenerateRandomItem_ShouldReturnValidItem" storage="/home/runner/work/thirdrun/thirdrun/thirdrun.tests/bin/debug/net8.0/thirdrun.tests.dll" id="1be25cc4-3cc2-262b-37d4-a20e40411473">
      <Execution id="b232ce69-f8c5-4a51-9f07-0b8e59be9eb4" />
      <TestMethod codeBase="/home/runner/work/ThirdRun/ThirdRun/ThirdRun.Tests/bin/Debug/net8.0/ThirdRun.Tests.dll" adapterTypeName="executor://xunit/VsTestRunner2/netcoreapp" className="ThirdRun.Tests.RandomItemGeneratorTests" name="GenerateRandomItem_ShouldReturnValidItem" />
    </UnitTest>
    <UnitTest name="ThirdRun.Tests.RandomItemGeneratorTests.GenerateRandomItem_HigherLevelShouldHaveBetterStats" storage="/home/runner/work/thirdrun/thirdrun/thirdrun.tests/bin/debug/net8.0/thirdrun.tests.dll" id="c4e26957-0bfd-aa4b-c7a3-46ceb4828b48">
      <Execution id="ad6ea6e7-278b-4073-adb9-b0342b83abdb" />
      <TestMethod codeBase="/home/runner/work/ThirdRun/ThirdRun/ThirdRun.Tests/bin/Debug/net8.0/ThirdRun.Tests.dll" adapterTypeName="executor://xunit/VsTestRunner2/netcoreapp" className="ThirdRun.Tests.RandomItemGeneratorTests" name="GenerateRandomItem_HigherLevelShouldHaveBetterStats" />
    </UnitTest>
    <UnitTest name="ThirdRun.Tests.CharacterPortraitsTests.CharacterClass_MapsToCorrectTexturePath(characterClass: Mage, expectedPath: &quot;Characters/mage&quot;)" storage="/home/runner/work/thirdrun/thirdrun/thirdrun.tests/bin/debug/net8.0/thirdrun.tests.dll" id="ed955287-df95-93c0-b9a7-75fa284c6956">
      <Execution id="40dd1b0d-68b3-4e1f-b466-0eabdd9af8df" />
      <TestMethod codeBase="/home/runner/work/ThirdRun/ThirdRun/ThirdRun.Tests/bin/Debug/net8.0/ThirdRun.Tests.dll" adapterTypeName="executor://xunit/VsTestRunner2/netcoreapp" className="ThirdRun.Tests.CharacterPortraitsTests" name="CharacterClass_MapsToCorrectTexturePath" />
    </UnitTest>
    <UnitTest name="ThirdRun.Tests.RandomItemGeneratorTests.GenerateRandomItem_WeaponShouldHaveCorrectProperties" storage="/home/runner/work/thirdrun/thirdrun/thirdrun.tests/bin/debug/net8.0/thirdrun.tests.dll" id="f1d98fb8-3ddf-c3b0-1e2e-d7af5b68c705">
      <Execution id="6a6a3e9b-71bb-404b-a6b6-b124c9eeb9b7" />
      <TestMethod codeBase="/home/runner/work/ThirdRun/ThirdRun/ThirdRun.Tests/bin/Debug/net8.0/ThirdRun.Tests.dll" adapterTypeName="executor://xunit/VsTestRunner2/netcoreapp" className="ThirdRun.Tests.RandomItemGeneratorTests" name="GenerateRandomItem_WeaponShouldHaveCorrectProperties" />
    </UnitTest>
    <UnitTest name="ThirdRun.Tests.MonsterLootTests.MonsterType_Constructor_WithoutLevel_ShouldDefaultToOne" storage="/home/runner/work/thirdrun/thirdrun/thirdrun.tests/bin/debug/net8.0/thirdrun.tests.dll" id="efde23cf-59ee-3c19-a95d-8c6aece0b316">
      <Execution id="748f0fc0-0dd7-4658-8c6a-eeb49e3c78a8" />
      <TestMethod codeBase="/home/runner/work/ThirdRun/ThirdRun/ThirdRun.Tests/bin/Debug/net8.0/ThirdRun.Tests.dll" adapterTypeName="executor://xunit/VsTestRunner2/netcoreapp" className="ThirdRun.Tests.MonsterLootTests" name="MonsterType_Constructor_WithoutLevel_ShouldDefaultToOne" />
    </UnitTest>
    <UnitTest name="ThirdRun.Tests.ItemTests.Armor_Constructor_SetsAllProperties" storage="/home/runner/work/thirdrun/thirdrun/thirdrun.tests/bin/debug/net8.0/thirdrun.tests.dll" id="90023458-fe39-97ed-7830-1720186ebe01">
      <Execution id="d6e79b7b-da0d-465a-8fa9-63e7ae0c50fc" />
      <TestMethod codeBase="/home/runner/work/ThirdRun/ThirdRun/ThirdRun.Tests/bin/Debug/net8.0/ThirdRun.Tests.dll" adapterTypeName="executor://xunit/VsTestRunner2/netcoreapp" className="ThirdRun.Tests.ItemTests" name="Armor_Constructor_SetsAllProperties" />
    </UnitTest>
    <UnitTest name="ThirdRun.Tests.WorldMapTests.WorldMap_ShouldHandleMultipleUpdates" storage="/home/runner/work/thirdrun/thirdrun/thirdrun.tests/bin/debug/net8.0/thirdrun.tests.dll" id="a57e3f60-c976-7af6-2d4a-2f438946ec0e">
      <Execution id="9b6c2310-1040-4bc8-9afc-eb8e13dbca35" />
      <TestMethod codeBase="/home/runner/work/ThirdRun/ThirdRun/ThirdRun.Tests/bin/Debug/net8.0/ThirdRun.Tests.dll" adapterTypeName="executor://xunit/VsTestRunner2/netcoreapp" className="ThirdRun.Tests.WorldMapTests" name="WorldMap_ShouldHandleMultipleUpdates" />
    </UnitTest>
    <UnitTest name="ThirdRun.Tests.UnitTests.Unit_IsDead_ReturnsTrueWhenHealthIsNegative" storage="/home/runner/work/thirdrun/thirdrun/thirdrun.tests/bin/debug/net8.0/thirdrun.tests.dll" id="60a61cc0-8e06-3080-f699-a2a1594da222">
      <Execution id="ca9d6b37-a6f6-4f22-9909-5c5feab34fa6" />
      <TestMethod codeBase="/home/runner/work/ThirdRun/ThirdRun/ThirdRun.Tests/bin/Debug/net8.0/ThirdRun.Tests.dll" adapterTypeName="executor://xunit/VsTestRunner2/netcoreapp" className="ThirdRun.Tests.UnitTests" name="Unit_IsDead_ReturnsTrueWhenHealthIsNegative" />
    </UnitTest>
    <UnitTest name="ThirdRun.Tests.CharacterClassTests.CharacterClass_HasExactlyFourValues" storage="/home/runner/work/thirdrun/thirdrun/thirdrun.tests/bin/debug/net8.0/thirdrun.tests.dll" id="9f29192d-552a-20db-fff2-896cef6e1a1d">
      <Execution id="5e63bc74-dddd-473c-b7e8-8d341245e3f5" />
      <TestMethod codeBase="/home/runner/work/ThirdRun/ThirdRun/ThirdRun.Tests/bin/Debug/net8.0/ThirdRun.Tests.dll" adapterTypeName="executor://xunit/VsTestRunner2/netcoreapp" className="ThirdRun.Tests.CharacterClassTests" name="CharacterClass_HasExactlyFourValues" />
    </UnitTest>
    <UnitTest name="ThirdRun.Tests.CharacterPortraitsTests.CharacterClass_MapsToCorrectTexturePath(characterClass: Chasseur, expectedPath: &quot;Characters/hunter&quot;)" storage="/home/runner/work/thirdrun/thirdrun/thirdrun.tests/bin/debug/net8.0/thirdrun.tests.dll" id="71615f23-10cd-7a0b-2f74-8a218dbf5fc1">
      <Execution id="b4e98d91-9c73-440f-9567-2111f10a86d1" />
      <TestMethod codeBase="/home/runner/work/ThirdRun/ThirdRun/ThirdRun.Tests/bin/Debug/net8.0/ThirdRun.Tests.dll" adapterTypeName="executor://xunit/VsTestRunner2/netcoreapp" className="ThirdRun.Tests.CharacterPortraitsTests" name="CharacterClass_MapsToCorrectTexturePath" />
    </UnitTest>
    <UnitTest name="ThirdRun.Tests.HelpersTests.RandomNumber_ReturnsValueWithinRange" storage="/home/runner/work/thirdrun/thirdrun/thirdrun.tests/bin/debug/net8.0/thirdrun.tests.dll" id="14357871-3003-89dd-9598-19915c25d274">
      <Execution id="6487a52a-060b-4c59-a068-e4fd8cb7dbf9" />
      <TestMethod codeBase="/home/runner/work/ThirdRun/ThirdRun/ThirdRun.Tests/bin/Debug/net8.0/ThirdRun.Tests.dll" adapterTypeName="executor://xunit/VsTestRunner2/netcoreapp" className="ThirdRun.Tests.HelpersTests" name="RandomNumber_ReturnsValueWithinRange" />
    </UnitTest>
    <UnitTest name="ThirdRun.Tests.InventoryTests.Inventory_GetItems_InitializesEmptyItemsList" storage="/home/runner/work/thirdrun/thirdrun/thirdrun.tests/bin/debug/net8.0/thirdrun.tests.dll" id="58f12325-51ac-e79c-f495-88a04cb9c29d">
      <Execution id="06d29612-4884-49c4-911e-029200cfd46a" />
      <TestMethod codeBase="/home/runner/work/ThirdRun/ThirdRun/ThirdRun.Tests/bin/Debug/net8.0/ThirdRun.Tests.dll" adapterTypeName="executor://xunit/VsTestRunner2/netcoreapp" className="ThirdRun.Tests.InventoryTests" name="Inventory_GetItems_InitializesEmptyItemsList" />
    </UnitTest>
    <UnitTest name="ThirdRun.Tests.UnitTests.Unit_IsDead_ReturnsFalseWhenHealthIsPositive" storage="/home/runner/work/thirdrun/thirdrun/thirdrun.tests/bin/debug/net8.0/thirdrun.tests.dll" id="40d7c323-5a2c-5303-6286-22873e58141b">
      <Execution id="341556ee-84e1-4489-8a66-e260e7862a67" />
      <TestMethod codeBase="/home/runner/work/ThirdRun/ThirdRun/ThirdRun.Tests/bin/Debug/net8.0/ThirdRun.Tests.dll" adapterTypeName="executor://xunit/VsTestRunner2/netcoreapp" className="ThirdRun.Tests.UnitTests" name="Unit_IsDead_ReturnsFalseWhenHealthIsPositive" />
    </UnitTest>
    <UnitTest name="ThirdRun.Tests.WorldMapTests.CharacterTransition_ShouldMaintainCharacterProperties" storage="/home/runner/work/thirdrun/thirdrun/thirdrun.tests/bin/debug/net8.0/thirdrun.tests.dll" id="55060452-dc51-56b4-f184-01ea398f472e">
      <Execution id="82b89b07-ca39-4309-8091-d3e100193303" />
      <TestMethod codeBase="/home/runner/work/ThirdRun/ThirdRun/ThirdRun.Tests/bin/Debug/net8.0/ThirdRun.Tests.dll" adapterTypeName="executor://xunit/VsTestRunner2/netcoreapp" className="ThirdRun.Tests.WorldMapTests" name="CharacterTransition_ShouldMaintainCharacterProperties" />
    </UnitTest>
    <UnitTest name="ThirdRun.Tests.CharacterClassTests.CharacterClass_AllValuesAreValid(characterClass: Guerrier)" storage="/home/runner/work/thirdrun/thirdrun/thirdrun.tests/bin/debug/net8.0/thirdrun.tests.dll" id="f6b852d1-bf78-1daa-44f3-bcde2bd4d6a5">
      <Execution id="3c819f02-ba62-425a-972c-71d9cf4459ab" />
      <TestMethod codeBase="/home/runner/work/ThirdRun/ThirdRun/ThirdRun.Tests/bin/Debug/net8.0/ThirdRun.Tests.dll" adapterTypeName="executor://xunit/VsTestRunner2/netcoreapp" className="ThirdRun.Tests.CharacterClassTests" name="CharacterClass_AllValuesAreValid" />
    </UnitTest>
    <UnitTest name="ThirdRun.Tests.WorldMapTests.Update_WithoutInitialization_ShouldNotThrow" storage="/home/runner/work/thirdrun/thirdrun/thirdrun.tests/bin/debug/net8.0/thirdrun.tests.dll" id="662bb3e6-d3e9-ae1d-ff2a-7fc081d86dd1">
      <Execution id="7c6b7ef3-4fc8-4265-8943-8fc80b93de12" />
      <TestMethod codeBase="/home/runner/work/ThirdRun/ThirdRun/ThirdRun.Tests/bin/Debug/net8.0/ThirdRun.Tests.dll" adapterTypeName="executor://xunit/VsTestRunner2/netcoreapp" className="ThirdRun.Tests.WorldMapTests" name="Update_WithoutInitialization_ShouldNotThrow" />
    </UnitTest>
    <UnitTest name="ThirdRun.Tests.MonsterLootTests.Monster_DropLoot_ShouldReturnRandomItem" storage="/home/runner/work/thirdrun/thirdrun/thirdrun.tests/bin/debug/net8.0/thirdrun.tests.dll" id="565ef37b-3213-558d-32c3-54f0bf658100">
      <Execution id="d780eada-7f17-4395-99b9-69451c5c19a6" />
      <TestMethod codeBase="/home/runner/work/ThirdRun/ThirdRun/ThirdRun.Tests/bin/Debug/net8.0/ThirdRun.Tests.dll" adapterTypeName="executor://xunit/VsTestRunner2/netcoreapp" className="ThirdRun.Tests.MonsterLootTests" name="Monster_DropLoot_ShouldReturnRandomItem" />
    </UnitTest>
    <UnitTest name="ThirdRun.Tests.ItemTests.Weapon_Constructor_SetsAllProperties" storage="/home/runner/work/thirdrun/thirdrun/thirdrun.tests/bin/debug/net8.0/thirdrun.tests.dll" id="d1fef47d-5f6c-7ad5-20bf-a9155ecf8642">
      <Execution id="0cc205de-7293-4c32-ba41-f96f837e3879" />
      <TestMethod codeBase="/home/runner/work/ThirdRun/ThirdRun/ThirdRun.Tests/bin/Debug/net8.0/ThirdRun.Tests.dll" adapterTypeName="executor://xunit/VsTestRunner2/netcoreapp" className="ThirdRun.Tests.ItemTests" name="Weapon_Constructor_SetsAllProperties" />
    </UnitTest>
    <UnitTest name="ThirdRun.Tests.RandomItemGeneratorTests.GenerateRandomItem_ShouldGenerateDifferentTypes" storage="/home/runner/work/thirdrun/thirdrun/thirdrun.tests/bin/debug/net8.0/thirdrun.tests.dll" id="07c15e1d-5d1a-0d1c-c2d3-a9e0394eb670">
      <Execution id="53d07d56-8890-4308-b8a4-0a259bd6f8a7" />
      <TestMethod codeBase="/home/runner/work/ThirdRun/ThirdRun/ThirdRun.Tests/bin/Debug/net8.0/ThirdRun.Tests.dll" adapterTypeName="executor://xunit/VsTestRunner2/netcoreapp" className="ThirdRun.Tests.RandomItemGeneratorTests" name="GenerateRandomItem_ShouldGenerateDifferentTypes" />
    </UnitTest>
    <UnitTest name="ThirdRun.Tests.UnitTests.Unit_IsDead_ReturnsTrueWhenHealthIsZero" storage="/home/runner/work/thirdrun/thirdrun/thirdrun.tests/bin/debug/net8.0/thirdrun.tests.dll" id="0de8a27c-9f2c-d464-31db-588227e337a2">
      <Execution id="7b675d39-01a2-4141-91bf-04ef1ae35bdb" />
      <TestMethod codeBase="/home/runner/work/ThirdRun/ThirdRun/ThirdRun.Tests/bin/Debug/net8.0/ThirdRun.Tests.dll" adapterTypeName="executor://xunit/VsTestRunner2/netcoreapp" className="ThirdRun.Tests.UnitTests" name="Unit_IsDead_ReturnsTrueWhenHealthIsZero" />
    </UnitTest>
    <UnitTest name="ThirdRun.Tests.WorldMapTests.WorldMap_ShouldHandleCharacterListModification" storage="/home/runner/work/thirdrun/thirdrun/thirdrun.tests/bin/debug/net8.0/thirdrun.tests.dll" id="55f8570a-48d5-7718-78e1-9855fb49b7e8">
      <Execution id="038aea97-61f9-463a-9780-af4330b0b36a" />
      <TestMethod codeBase="/home/runner/work/ThirdRun/ThirdRun/ThirdRun.Tests/bin/Debug/net8.0/ThirdRun.Tests.dll" adapterTypeName="executor://xunit/VsTestRunner2/netcoreapp" className="ThirdRun.Tests.WorldMapTests" name="WorldMap_ShouldHandleCharacterListModification" />
    </UnitTest>
  </TestDefinitions>
  <TestEntries>
    <TestEntry testId="1dcd7a0b-e2f4-6796-ae32-cd50d280f820" executionId="8f927e8e-7de0-48e1-a4f5-47b0d602e84a" testListId="8c84fa94-04c1-424b-9868-57a2d4851a1d" />
    <TestEntry testId="55060452-dc51-56b4-f184-01ea398f472e" executionId="82b89b07-ca39-4309-8091-d3e100193303" testListId="8c84fa94-04c1-424b-9868-57a2d4851a1d" />
    <TestEntry testId="f6b852d1-bf78-1daa-44f3-bcde2bd4d6a5" executionId="3c819f02-ba62-425a-972c-71d9cf4459ab" testListId="8c84fa94-04c1-424b-9868-57a2d4851a1d" />
    <TestEntry testId="a69314ff-bb51-f71f-970a-9fcd6322a526" executionId="a6f6ea76-ae2e-48b3-92ae-6967b51af1e2" testListId="8c84fa94-04c1-424b-9868-57a2d4851a1d" />
    <TestEntry testId="ae89fa10-ace8-abbb-66ec-4f344f43dfa4" executionId="a5a36436-8f27-449d-9adb-b2c6267e7136" testListId="8c84fa94-04c1-424b-9868-57a2d4851a1d" />
    <TestEntry testId="dd2af6ab-4599-d328-cefa-f79dcaa528f1" executionId="6e0d9a64-c90b-41dc-a88e-632672603cef" testListId="8c84fa94-04c1-424b-9868-57a2d4851a1d" />
    <TestEntry testId="eecc411e-f790-a778-fa36-8004b8ff8c6f" executionId="76154268-ac9f-4b29-914f-165719ae5fb8" testListId="8c84fa94-04c1-424b-9868-57a2d4851a1d" />
    <TestEntry testId="90023458-fe39-97ed-7830-1720186ebe01" executionId="d6e79b7b-da0d-465a-8fa9-63e7ae0c50fc" testListId="8c84fa94-04c1-424b-9868-57a2d4851a1d" />
    <TestEntry testId="f1d98fb8-3ddf-c3b0-1e2e-d7af5b68c705" executionId="6a6a3e9b-71bb-404b-a6b6-b124c9eeb9b7" testListId="8c84fa94-04c1-424b-9868-57a2d4851a1d" />
    <TestEntry testId="efde23cf-59ee-3c19-a95d-8c6aece0b316" executionId="748f0fc0-0dd7-4658-8c6a-eeb49e3c78a8" testListId="8c84fa94-04c1-424b-9868-57a2d4851a1d" />
    <TestEntry testId="43b95e5d-9dd4-a7af-7382-d675d61cf4e8" executionId="1cadbe96-812a-48b9-8ab4-ea27c330c56f" testListId="8c84fa94-04c1-424b-9868-57a2d4851a1d" />
    <TestEntry testId="e7366b54-9a1b-a8b9-da10-acd22631d1cb" executionId="543d5f60-28bc-4c45-bbd2-0f89b65ac40b" testListId="8c84fa94-04c1-424b-9868-57a2d4851a1d" />
    <TestEntry testId="1742af7b-28ae-73a3-9c23-52f1e0928857" executionId="13b4d39e-2339-4865-bad3-1da6078e13b9" testListId="8c84fa94-04c1-424b-9868-57a2d4851a1d" />
    <TestEntry testId="ebcf2d98-4994-36f5-1a02-823738347197" executionId="3030ed34-4feb-4d0c-9c8b-9f8f8cd6e22c" testListId="8c84fa94-04c1-424b-9868-57a2d4851a1d" />
    <TestEntry testId="f1fa40b5-4447-47a8-2f30-6fc71db6df5f" executionId="965f2dab-27da-41fb-b74d-7632d19b2fd5" testListId="8c84fa94-04c1-424b-9868-57a2d4851a1d" />
    <TestEntry testId="971b43ac-8e22-eacd-ba17-8436ccf1c4be" executionId="1d256338-ccee-4865-93b9-573577e41c07" testListId="8c84fa94-04c1-424b-9868-57a2d4851a1d" />
    <TestEntry testId="c01d8e11-34cb-a0f2-bd18-bbb7f31817d1" executionId="ec077632-467b-44ee-acba-6e6a0a669f5c" testListId="8c84fa94-04c1-424b-9868-57a2d4851a1d" />
    <TestEntry testId="9f29192d-552a-20db-fff2-896cef6e1a1d" executionId="5e63bc74-dddd-473c-b7e8-8d341245e3f5" testListId="8c84fa94-04c1-424b-9868-57a2d4851a1d" />
    <TestEntry testId="e97257a6-6b7e-5629-eab0-791bd76101d0" executionId="30fa4116-9518-42b1-bca5-be57e4407b53" testListId="8c84fa94-04c1-424b-9868-57a2d4851a1d" />
    <TestEntry testId="248dd63d-92bc-efe4-4a30-fac24c39c86c" executionId="d2130516-2313-45e3-8230-b8c2307f12cd" testListId="8c84fa94-04c1-424b-9868-57a2d4851a1d" />
    <TestEntry testId="0de8a27c-9f2c-d464-31db-588227e337a2" executionId="7b675d39-01a2-4141-91bf-04ef1ae35bdb" testListId="8c84fa94-04c1-424b-9868-57a2d4851a1d" />
    <TestEntry testId="8d2e7da2-3d27-1b4f-fd70-f2885ae563dd" executionId="af202157-eb7a-45c4-96d1-a26e62429ba5" testListId="8c84fa94-04c1-424b-9868-57a2d4851a1d" />
    <TestEntry testId="03b8d958-2589-fcf6-fc02-2d624a933779" executionId="c340b080-1002-400b-9f6b-7bfc4308e2e5" testListId="8c84fa94-04c1-424b-9868-57a2d4851a1d" />
    <TestEntry testId="e0117f9d-7be2-be16-df4a-d5845f7e1db2" executionId="501e35b3-8937-4ce1-a17c-5ef3ca81c880" testListId="8c84fa94-04c1-424b-9868-57a2d4851a1d" />
    <TestEntry testId="e8afd2fe-7b1e-3ff4-3cb0-efd8b972350a" executionId="fd42c293-0926-48aa-8d50-800ee1b50a34" testListId="8c84fa94-04c1-424b-9868-57a2d4851a1d" />
    <TestEntry testId="7e8a6491-f4d1-1a69-83f4-b2e1f642601f" executionId="0a456b69-9ad3-4c9b-a1a2-3cab025eeecd" testListId="8c84fa94-04c1-424b-9868-57a2d4851a1d" />
    <TestEntry testId="40d7c323-5a2c-5303-6286-22873e58141b" executionId="341556ee-84e1-4489-8a66-e260e7862a67" testListId="8c84fa94-04c1-424b-9868-57a2d4851a1d" />
    <TestEntry testId="58f12325-51ac-e79c-f495-88a04cb9c29d" executionId="06d29612-4884-49c4-911e-029200cfd46a" testListId="8c84fa94-04c1-424b-9868-57a2d4851a1d" />
    <TestEntry testId="d94d2a7d-019d-3a41-d2e4-dde0876cd0ca" executionId="996019fe-f359-4a9d-bf0b-064ea20ee60c" testListId="8c84fa94-04c1-424b-9868-57a2d4851a1d" />
    <TestEntry testId="f56f779d-3f67-65f9-57df-b932373f736f" executionId="88ddb37e-4e8e-41dc-bc57-cf76936d563b" testListId="8c84fa94-04c1-424b-9868-57a2d4851a1d" />
    <TestEntry testId="dac45398-57a4-75d7-36f4-1075b3796a64" executionId="fae3267d-6444-4203-8066-417af8e0b3b9" testListId="8c84fa94-04c1-424b-9868-57a2d4851a1d" />
    <TestEntry testId="1d3fe001-c9bd-4c54-e539-5d819ed54287" executionId="1dfaadea-675c-4139-882b-774a09deb966" testListId="8c84fa94-04c1-424b-9868-57a2d4851a1d" />
    <TestEntry testId="07c15e1d-5d1a-0d1c-c2d3-a9e0394eb670" executionId="53d07d56-8890-4308-b8a4-0a259bd6f8a7" testListId="8c84fa94-04c1-424b-9868-57a2d4851a1d" />
    <TestEntry testId="a57e3f60-c976-7af6-2d4a-2f438946ec0e" executionId="9b6c2310-1040-4bc8-9afc-eb8e13dbca35" testListId="8c84fa94-04c1-424b-9868-57a2d4851a1d" />
    <TestEntry testId="565ef37b-3213-558d-32c3-54f0bf658100" executionId="d780eada-7f17-4395-99b9-69451c5c19a6" testListId="8c84fa94-04c1-424b-9868-57a2d4851a1d" />
    <TestEntry testId="662bb3e6-d3e9-ae1d-ff2a-7fc081d86dd1" executionId="7c6b7ef3-4fc8-4265-8943-8fc80b93de12" testListId="8c84fa94-04c1-424b-9868-57a2d4851a1d" />
    <TestEntry testId="af0ae803-128d-b548-ff3e-926ad7b44dac" executionId="daa255b2-a30e-428b-807c-aae4988cf361" testListId="8c84fa94-04c1-424b-9868-57a2d4851a1d" />
    <TestEntry testId="ed79f202-f913-2acf-7335-2dfaa8c1e8a3" executionId="8bbddfda-88b8-4ed9-9a7f-6e2a5a4239cb" testListId="8c84fa94-04c1-424b-9868-57a2d4851a1d" />
    <TestEntry testId="1be25cc4-3cc2-262b-37d4-a20e40411473" executionId="b232ce69-f8c5-4a51-9f07-0b8e59be9eb4" testListId="8c84fa94-04c1-424b-9868-57a2d4851a1d" />
    <TestEntry testId="90eedb63-50e8-e9f2-b4ef-61eeb5667bbf" executionId="8136ce05-dc3c-48a6-82b4-0e86d9fb0426" testListId="8c84fa94-04c1-424b-9868-57a2d4851a1d" />
    <TestEntry testId="14357871-3003-89dd-9598-19915c25d274" executionId="6487a52a-060b-4c59-a068-e4fd8cb7dbf9" testListId="8c84fa94-04c1-424b-9868-57a2d4851a1d" />
    <TestEntry testId="60a61cc0-8e06-3080-f699-a2a1594da222" executionId="ca9d6b37-a6f6-4f22-9909-5c5feab34fa6" testListId="8c84fa94-04c1-424b-9868-57a2d4851a1d" />
    <TestEntry testId="71615f23-10cd-7a0b-2f74-8a218dbf5fc1" executionId="b4e98d91-9c73-440f-9567-2111f10a86d1" testListId="8c84fa94-04c1-424b-9868-57a2d4851a1d" />
    <TestEntry testId="c4e26957-0bfd-aa4b-c7a3-46ceb4828b48" executionId="ad6ea6e7-278b-4073-adb9-b0342b83abdb" testListId="8c84fa94-04c1-424b-9868-57a2d4851a1d" />
    <TestEntry testId="ae50ba8b-9a5c-cb3c-35d3-1f1240c8f205" executionId="5f8a4323-a948-4697-9df2-7936155a5ab1" testListId="8c84fa94-04c1-424b-9868-57a2d4851a1d" />
    <TestEntry testId="2ba4594d-6c9f-f78a-15c8-60a27a561c43" executionId="ebca25c1-b89b-43df-9108-2dc771c30749" testListId="8c84fa94-04c1-424b-9868-57a2d4851a1d" />
    <TestEntry testId="d845176f-093e-38e2-a1a1-7d00eeea7990" executionId="eaa68b51-37fb-4184-b96b-9ad0c6ad5c59" testListId="8c84fa94-04c1-424b-9868-57a2d4851a1d" />
    <TestEntry testId="55f8570a-48d5-7718-78e1-9855fb49b7e8" executionId="038aea97-61f9-463a-9780-af4330b0b36a" testListId="8c84fa94-04c1-424b-9868-57a2d4851a1d" />
    <TestEntry testId="d1fef47d-5f6c-7ad5-20bf-a9155ecf8642" executionId="0cc205de-7293-4c32-ba41-f96f837e3879" testListId="8c84fa94-04c1-424b-9868-57a2d4851a1d" />
    <TestEntry testId="ed955287-df95-93c0-b9a7-75fa284c6956" executionId="40dd1b0d-68b3-4e1f-b466-0eabdd9af8df" testListId="8c84fa94-04c1-424b-9868-57a2d4851a1d" />
    <TestEntry testId="28a81f41-bd2b-999f-9966-e5a11481868c" executionId="4d3cdcc4-83e2-40f3-804e-0b6b50408337" testListId="8c84fa94-04c1-424b-9868-57a2d4851a1d" />
    <TestEntry testId="512818f0-694f-2497-7f5c-6f50381e5cb7" executionId="8267a660-39ef-4d41-a933-fba838d2c537" testListId="8c84fa94-04c1-424b-9868-57a2d4851a1d" />
  </TestEntries>
  <TestLists>
    <TestList name="Results Not in a List" id="8c84fa94-04c1-424b-9868-57a2d4851a1d" />
    <TestList name="All Loaded Results" id="19431567-8539-422a-85d7-44ee4e166bda" />
  </TestLists>
  <ResultSummary outcome="Completed">
    <Counters total="52" executed="52" passed="52" failed="0" error="0" timeout="0" aborted="0" inconclusive="0" passedButRunAborted="0" notRunnable="0" notExecuted="0" disconnected="0" warning="0" completed="0" inProgress="0" pending="0" />
    <Output>
      <StdOut>[xUnit.net 00:00:00.00] xUnit.net VSTest Adapter v2.4.5+1caef2f33e (64-bit .NET 8.0.18)
[xUnit.net 00:00:00.57]   Discovering: ThirdRun.Tests
[xUnit.net 00:00:00.63]   Discovered:  ThirdRun.Tests
[xUnit.net 00:00:00.63]   Starting:    ThirdRun.Tests
[xUnit.net 00:00:00.80]   Finished:    ThirdRun.Tests
</StdOut>
    </Output>
  </ResultSummary>
</TestRun>